
> river-rush@1.0.0 test
> node --test tests/*.test.js

{"naturalSeedMaps":105,"earlyRequiredJumps":105,"earlyRequiredDucks":105,"mandatoryActionRows":2072,"safeLaneHolds":794,"distinctIntervals":220,"distinctOpeningRoutes":105}
{"naturalJumpArcs":486,"raisedCoinsCollected":2430,"requestedLeadSeconds":[0.22,0.32,0.42],"actualLeadSeconds":[0.1948269663003705,0.4176635902417125],"refreshRates":[30,60,120]}
{"laneTransitions":2285,"minLaneChangeWindowAtMaximumRushSpeed":0.3825973601787418}
{"earnedRushCampaignStages":54,"rushes":264,"alignedGroundCoinsCollected":3900,"finishGoldCollected":864,"maxLiveEntities":38}
✔ required jumps and ducks arrive just after tutorials, action droughts are bounded and formations vary (2714.895136ms)
✔ dodging-only players cannot camp through the first third of any map (406.575987ms)
✔ one natural jump collects its whole five-coin arc at early, normal and late human leads at 30/60/120 Hz (1675.228401ms)
✔ generated jump gold stays on one airborne route while guarded forks keep their bypass on clear water (921.829453ms)
✔ marked gold leaves a human lane-change window between successive rows, including Rush speed (5236.39954ms)
✔ earned Rush never puts the next ground ribbon under a still-airborne late-jumping raft (12333.878297ms)
✔ numeric arc gold still needs real lateral/vertical contact, while legacy launch-frame pickups remain valid (9.353542ms)
✔ a river choice yields to an earlier action and to imminent danger inside either stream (2.025836ms)
✔ the island warning preserves the approaching route choice and directs lateral steering (6.156106ms)
✔ treasure guidance separates guaranteed reward from an earned clean bonus (2.47682ms)
✔ nearby reward guidance keeps actual coin counts separate from base guard points and clean rewards (0.531399ms)
✔ same-guard choices retain action and escape guidance while other hazards take priority (1.280228ms)
✔ a grounded detour directs its next guard action after the lateral return (3.242956ms)
✔ the stream comparison remains until physical commitment, including early local rewards (0.414158ms)
✔ competing power cues disclose boost duration, held shield and exact earned outcome (0.474202ms)
✔ new visitors prefer sound, saved mute survives reload, and denied storage remains playable (3.748486ms)
✔ menu creates no audio; start loops a local score and retry/mute reuse one media/context (62.796999ms)
✔ pause/hidden takes ownership immediately and late start promises cannot restart playback (28.977673ms)
✔ course mix gets fuller, Rush reacts promptly, and per-frame automation/resources stay bounded (54.151431ms)
✔ missing/rejected soundtrack leaves ambience and cues working without retries every frame (66.036651ms)
✔ short cues disconnect when finished and pause discards queued cues (71.090513ms)
✔ coin contact gives a brief metallic attack, streak raises pitch, and only audible cues count (115.828893ms)
✔ impacts displace coin tails, combine descending wood and splash, and bound the fatal tail (48.006293ms)
✔ smashes clean up splash filters on completion and a wave combo stays short and distinct (12.490749ms)
✔ relic pickups are distinct, audible over coin tails, bounded and silent when stopped (24.012736ms)
✔ treasure contact earns a distinct bounded cue and clean completion adds a final note (48.261862ms)
✔ a stash has its own short score-only sound, preserves its cue over coins and stops on pause (21.613276ms)
✔ a contact graph failure releases partial nodes and cannot count or interrupt the run (6.27479ms)
✔ unmount unloads and closes audio; remount can create a fresh graph without old promises affecting it (30.66246ms)
✔ a Web Audio setup failure is contained and can retry on the next explicit start (25.224077ms)
✔ even a failed gain operation cannot keep river/music sounding after mute or pause (18.332332ms)
{"authoredSeedMaps":120,"phrases":["iio","oii","ioo","ooi"],"minimumDetourImpactReturnSeconds":0.46,"minimumBoulderImpactReturnSeconds":0.54}
{"matchedBankGuardComparisons":27,"bankCoins":8,"bankMainCache":200,"cleanGuardMainCache":600}
{"takenLandingDetours":108,"takenBoulderSnatches":108,"protectedMaximumRushRuns":54,"inputDelayMs":[180,234,288],"minimumObservedJumpTimeAtReturnGuard":0.28468805704105693,"minimumObservedImpactReturnSeconds":0.5587483530957229}
{"shortestLaterForkJumpReturn":{"seed":8,"index":2,"forkIndex":1,"returnSeconds":0.4599999999999998},"standardJumpLaunchMargin":0.1499999999999998,"minimumActualJumpTimeAtImpact":0.14648221343808573,"minimumActualJumpHeightAtImpact":0.6907366576254883,"inputDelayMs":[180,234,288]}
{"completeOptionalStashStages":72,"selectedStashesPhysicallyPaid":180,"mainCachesPhysicallyPaid":180,"naturallyEarnedRushes":189,"maxEntities":36,"delayedExitMs":288}
{"samePlaneStashPowerPairs":72,"refreshRates":[30,60,120],"maximumFutureRush":true}
✔ four complete phrases create real optional exposure and same-lane return geometry without random token positions (104.613898ms)
✔ bank versus guard gives mutually exclusive physical qualification and honest base or clean final treasure (1514.509151ms)
✔ taking and skipping detours and boulder snatches work with actual delayed reversals across maps, refresh rates and maximum future Rush (5384.315335ms)
✔ noncoin stash is a fixed score-only ground pickup, never a coin, power, adjacent attraction or main-cache claim (6.734207ms)
✔ the upcoming bank alternative stays readable after a collected detour at the same return guard (2.991989ms)
✔ a physically banked stash reveals its following detour and keeps that detour return urgent without restoring the clean bonus (35.109655ms)
✔ the shortest later-fork jump return clears with 180–288ms delayed reversal at maximum future Rush (585.055686ms)
✔ whole finite maps support consciously taking every chosen-family stash, real delayed exits and naturally earned Rush (10348.765044ms)
✔ same-plane authored alternatives are physically exclusive across maps, steering rates and future Rush (2969.510688ms)
✔ eight-coin bank uses the identical individual economics of eight ordinary tokens with one truthful receipt (18.850059ms)
✔ authored coin bank and powers miss airborne and widened adjacent contacts, and a shield never stacks (8.701563ms)
✔ one-, two- and three-lane fallback branch cues match exact continuous physical coverage (62.487129ms)
✔ wider branch cues grow from either bank without moving the representative reward lane (2.71891ms)
✔ branch projection stays deterministic while paused and does not change wildlife pose (3.129463ms)
✔ paired full canopies retain individual physical marks while communicating the five-lane row (1.819852ms)
{"seedMaps":150,"trees":3491,"pairedFullRiverCanopies":1154,"jumpRewardArcs":2907,"bankWidthVariants":6}
✔ coverage is contiguous, bank anchored and compatible with legacy centered trees and single-lane birds (3.426281ms)
✔ covered lanes and their seams hit standing rafts and clear with one duck at 30/60/120 Hz (63.119593ms)
✔ continuous span boundaries preserve physical raft coverage, shield once and Rush protection without farming (27.09463ms)
✔ span hints show every covered lane and wide wood never widens coin pickup (5.32514ms)
✔ all seeded maps emit all three widths as coherent trees with fair uncovered routes and unchanged jump rewards (2999.181314ms)
✔ approaching mesas retain their complete forms across the former near deletion thresholds (119.838662ms)
✔ mesas recycle only when their entire rotated footprint is behind both chase cameras (33.550652ms)
✔ course windows include every retained mesa and never truncate the prepared12-instance layers (1102.064322ms)
✔ actual mesa vertices follow the curved downhill course and stay outside all playable banks (1308.128246ms)
✔ far-edge emergence has no exposed zero-height plates and approaching forms stay stable (1.3134ms)
✔ updates reuse all prepared canyon resources, uniforms and shader variants on every layout (55.230947ms)
{"layout":"390x844","bodyMax":0.9414742733766978,"routeMax":0.5015815358208628}
{"layout":"360x640","bodyMax":0.7734069860282508,"routeMax":0.412041703991862}
{"layout":"1365x900","bodyMax":0.7717331391235811,"routeMax":0.32267470991119085}
{"layout":"844x390","bodyMax":0.5408532604165855,"routeMax":0.2261399181427363}
✔ all five active raft bodies, jumps and upcoming routes remain in phone, desktop and landscape framing (806.012239ms)
✔ camera uses the shared center for all steering positions and reduced motion freezes its chase origin (0.572808ms)
✔ framing diagnostics contain every projected hull, rider and paddle corner for the active lane (2.129084ms)
✔ six prepared terrain slots keep a contiguous ahead corridor and recycle only the retired slot (5.045022ms)
✔ terrain streaming keeps fixed object and buffer identities through three maps at varied frame rates (58.932309ms)
✔ absolute chunk edges agree on course, world height and projected z through bends and chutes (55.302346ms)
✔ direct seeks and seed resets remain bounded while paused and reduced travel do not upload matrices (1.310346ms)
✔ each finite river is 50 percent longer and has a clean 150 m finish approach (38.061767ms)
✔ seeded episodes cross four acts with varied lengths, recovery gaps and increasingly demanding formations (352.948118ms)
{"naturalSeedMaps":153,"advertisedWaveEncounters":410,"minEligibleJumps":3,"truncatedEncountersWithoutChainCue":40}
✔ each seeded finite river has all three terrain encounters, calm transitions and a clean opening/finish (222.962754ms)
✔ section envelopes and rough water remain continuous with analytic derivatives at every transition (94.486688ms)
✔ terrain changes playable river shape and water while shoals remain outside the lane corridor (490.012855ms)
✔ terrain biases mixed readable routes with jump arcs, low canopy gold and safe adjacent choices (1844.103301ms)
✔ natural no-Rush generation provides at least three eligible jumps for every advertised chain (6964.392848ms)
✔ three actual wave jumps pay one chain reward, a new section resets it and powered contacts cannot farm it (7.28194ms)
✔ bypassing a jump row breaks the chain and new coin effects report each true streak contact (2.007482ms)
✔ world stretches introduce new silhouettes without popping existing landmarks (4.719376ms)
✔ recycled banks and terrain travel toward the camera at obstacle speed (1.869187ms)
✔ discrete input survives a short tap, clamps lanes and is consumed once (17.11885ms)
✔ jump clears logs and earns trick score and charge; duck clears branches (4.370292ms)
✔ wrong actions and boulders end unprotected runs with useful cause (3.500705ms)
✔ shield grants one rescue, breaks streak and supplies grace (3.012146ms)
✔ opposite action cancels immediately and same-action input buffers near landing (2.031086ms)
✔ coins increase multiplier once and expire after a collection gap (12.326425ms)
✔ Gold boost doubles contact points for eight seconds without collecting beside or above the raft (7.504593ms)
✔ Rush spends once, speeds up and clears every hazard before expiring (10.196387ms)
✔ seeded finite maps vary routes, stop hazards before the finish and use increasing speed profiles (1427.701643ms)
✔ finite-adventure best scores reject malformed records and every prior endless score (0.674699ms)
✔ trick challenges pay once and rotate to an active coin goal (0.806913ms)
✔ Rush never recharges from contact coins or avoided hazards (0.626643ms)
✔ finish stops at the exact gate, pays once and carries each clear once through all three maps (2.243502ms)
✔ a wipeout cannot be promoted to victory in the finish frame, and retry preserves only prior clears (1.129709ms)
✔ malformed saved map progress resets safely while repeated clears preserve unlocks (2.633817ms)
✔ all five fallback lane centers share course-space pickup and hazard registration on every layout (5.669151ms)
✔ the complete registered rider frame stays visible at outer lane centers while banking (0.554648ms)
✔ organic fallback narrows leave outer raft contact on water and the finish beyond every lane (72.575538ms)
✔ the widened finish gate leaves all five raft envelopes open and its banner clears jumps (1.162751ms)
✔ posts, docks, approach markers and visibility share the exact widened course field on all maps (51.686545ms)
{"seedMaps":150,"purposefulPockets":true,"coinLanes":[0,1,2,3,4],"coins":26821,"pairedCanopies":1162}
{"stages":108,"primaryCoinsCollected":15894,"cutbackCoinsCollected":192,"maxVisibleCoins":21,"maxEntities":38,"refreshRates":[30,60,120],"jumpLeads":[0.22,0.42]}
✔ five physical centers map exactly and controls reach every lane while clamping both edges (156.693915ms)
✔ paired three-plus-two canopies cover all five lanes once even at the seam (87.78102ms)
✔ ground rewards describe shelter, duck clearance, landing and cutback rather than arbitrary multi-lane scatter (3.190314ms)
✔ every seeded map uses all five gold lanes with purposeful sparse pockets and physical treasure objectives (4516.449636ms)
✔ real primary routes including cutbacks collect at early/late jumps and future earned Rush at 30/60/120 Hz (14535.615205ms)
✔ fallback lanes, enemies and two water channels share actual fork geography on every map and layout (100.804781ms)
✔ island camera keeps complete banking riders visible and reunites without a position jump (9.044627ms)
✔ committed stream keeps the full-size rider and a stable camera during within-stream steering (4.299093ms)
✔ fork branch contact strips use physical meter margins rather than stretching into the island (2.30418ms)
✔ fork shores smooth into the approved normal apron and reach shared physical core banks (0.256818ms)
✔ organic island material is seamless shared data and themed fallback cards are prepared only before play (218.721914ms)
✔ fork fallback freezes exactly from game time and distance with bounded reusable patterns (269.149512ms)
✔ Canopy fork noses and reunions preserve the normal whitewater surface instead of cutting in a darker rectangle (190.195818ms)
✔ fallback island relief rises from actual land height without moving contact shores or changing camera registration (151.351359ms)
✔ fallback island materials and landmarks retain all three map identities with bounded stopped drawing (51.896347ms)
✔ both island coasts have bounded seeded soil and detailed ground clumps instead of uninterrupted color strips (93.924131ms)
✔ gold stashes have a stationary ground silhouette and truthful fixed-value receipt distinct from the final chest (85.685897ms)
✔ bank fallback advertises actual coin currency rather than an invented fixed point value (0.541679ms)
✔ treasure silhouettes and promise distinguish the actual completion bonus from a route label (0.41862ms)
✔ a real protected island rebound renders impact feedback without trying to explode missing terrain art (12.400504ms)
{"forkFraming":"390x844","samples":4376,"maximum":0.9494773140267553}
{"forkFraming":"360x640","samples":4376,"maximum":0.7799813638134483}
{"forkFraming":"1365x900","samples":4376,"maximum":0.7787827188843217}
{"forkFraming":"844x390","samples":4376,"maximum":0.5457938130569626}
✔ split river frames the full chosen stream hero and previews both choices before commitment (646.149466ms)
✔ fork canopy spans are rooted outside their own stream with native contacts over the two physical lanes (215.887701ms)
✔ fork chase framing changes continuously through divergence and confluence (8.003485ms)
✔ prepared treasure graphics reuse a bounded pool through many rewards and freeze cosmetic motion (18.109863ms)
✔ shared themed island stations remain on real land and retain absolute identities through camera travel (3.044871ms)
✔ stash purses preserve fixed payouts and world metadata with bounded prepared resources and stopped cosmetics (10.471829ms)
✔ bank pouch labels actual coins separately from fixed point stashes without adding draw batches (2.560663ms)
✔ themed island detail keeps native slot capacities and adds at most4000 prepared triangles with all stashes (427.865492ms)
✔ island draw ranges retain every visible land row and omit the empty prepared corridor (301.426833ms)
✔ course row culling retains visible wave and land vertices on every camera layout (18538.546291ms)
✔ a late swipe toward a neighboring rock cannot hit a raft still beside it (22.208621ms)
✔ selecting a safe target does not grant immunity while the raft still touches a rock (4.720398ms)
✔ a completed carve and a reversal clear or hit according to visible crossing position (3.48517ms)
✔ full-width action waves have no gaps between lanes and award one trick per row (30.270747ms)
✔ jump and duck outcomes use the action at contact, including expiry and queued relaunch (3.534968ms)
✔ Rush and grace protect their exact crossing, with no powered trick or dodge recharge (14.704044ms)
✔ a shield breaks once and starts exact contact-time grace for subsequent hazards (2.087001ms)
✔ rocks remain dodge-only during visibly airborne contact (0.79516ms)
✔ a 50 ms wipeout frame freezes at contact and keeps only rewards already crossed (1.946429ms)
✔ buoyancy probes sample the same continuous directional wave surface (43.602425ms)
✔ raft remains stable at 30, 60 and 120 Hz under long runs and steering reversals (420.360232ms)
✔ current advects downstream while a faster raft overtakes it, and reduced water stays still (2.014787ms)
✔ landing impulse is applied once, settles, and paused state freezes exactly (2.428631ms)
✔ profiled buoyancy follows each full escalating map at 30, 60 and 120 Hz without global state (724.843382ms)
✔ all five raft centers and continuous steering probe their actual shared cross-stream position (0.89999ms)
✔ physical shield contact visibly recoils without locking the controls (31.031661ms)
✔ fatal contact has a distinct .60 second wipeout while all simulation fields remain fixed (8.671308ms)
✔ reduced motion retains a readable static contact without optional shake or particles (6.678594ms)
✔ pickup and later reward events do not hide a contact; particle positions reuse a bounded pool (7.395029ms)
✔ public GET requests only twenty rows in stable score order and strips database-only fields (8.783417ms)
✔ guest POST normalizes Unicode/spacing and inserts only allowed columns with a stable run UUID (1.393992ms)
✔ missing run UUID is generated and names permit every documented display character (2.057754ms)
✔ invalid and oversized requests never reach public storage (1.250222ms)
✔ longer adventure distances are accepted alongside historical 5400 m and 10800 m scores (1.744359ms)
✔ public score distance bounds match the shared finite adventure length (0.538691ms)
✔ a matching duplicate run is successful without granting update permission (0.90409ms)
✔ a repeated extended-adventure UUID remains idempotent and cannot change its distance (1.112769ms)
✔ an accepted score includes a fresh ranking and rank when it enters the top twenty (0.650222ms)
✔ ranking failure after accepted insertion still reports a successfully saved score (4.059796ms)
✔ reusing a run UUID for changed details returns a conflict (0.557867ms)
✔ storage failures and malformed rows are retryable and never expose upstream secrets (1.441243ms)
✔ unconfigured and privileged-key deployments cannot use storage (0.961186ms)
✔ preflight and unsupported methods do not contact the database (0.387605ms)
✔ a stalled storage request is aborted after the bounded six-second deadline (1.53711ms)
✔ native tree placements remain rooted with registered wood contacts for all bank spans (19069.28818ms)
✔ whole native limb proportions are affine beyond bank seating with no collapsed fork domain (52.133883ms)
✔ new complete oak retains Meshy provenance, embedded PBR and bounded full/Lite topology (35.468586ms)
✔ complete native batches recycle the fixed pool and replace all old wood overlays (916.946614ms)
✔ native prepared winding keeps an outward surface lit after the course Z reflection (13.094243ms)
✔ Moonlit ridge definitions are immutable and bounded to three prepared layers (1.497486ms)
✔ Moonlit landmarks share the profiled river coordinates and stay wholly outside its banks (195.915137ms)
✔ matching Moonlit landmark IDs advance with travel while their absolute courses and forms stay stable (82.080655ms)
✔ Moonlit index windows contain every visible landmark without exceeding their instance capacities (30.896137ms)
✔ Moonlit silhouettes shrink continuously to zero at both slot boundaries (20.367164ms)
✔ Moonlit updates reuse prepared scene resources and expose finite projected samples on each layout (862.973356ms)
✔ the real Moonlit cameras keep non-hidden on-screen horizon vertices inside their far plane (6061.461856ms)
ℹ Checked 13559118 non-hidden on-screen vertices; farthest camera-space depth 874.86m, far plane 900m.
✔ immediate pose selection, paddling and effects freeze with simulation time (5.73289ms)
✔ coin flights retain the source lane and expire; repeated events are never duplicated (0.401205ms)
✔ presentation buffers stay bounded under many pickups and impacts (0.48564ms)
✔ live reduced motion chooses exact poses and clears optional particles (0.408792ms)
✔ each completed jump emits one landing without scoring or changing the action window (11.854196ms)
{"naturalSeedMaps":300,"enemies":2630,"targets":587,"latestFirstEnemyRow":16}
{"relicChasingStages":180,"relicsCollected":330,"primaryJumpArcCoinsCollected":13410,"untakenGuardedArcCoins":3330,"enemiesClearedOrDodged":1530,"rushes":426,"maxLiveEntities":38,"refreshRates":[30,60,120],"actionLeads":[0.22,0.42]}
✔ relic glide remains smooth, endpoint-locked, finite and paused with the simulation (22.859759ms)
✔ crocodiles sweep the whole river repeatedly and continue moving into the contact window (37.310937ms)
✔ birds enter from both banks, dive into the duck envelope and fish visibly leap above their water shadow (8.193939ms)
✔ moving relic contact samples its physical lane at crossing, once, at 30/60/120 Hz (6.946465ms)
✔ relic misses beside or above the raft pass silently and boosts never widen contact (8.239178ms)
✔ every enemy action, dodge and fatal contact samples the physical moving lane with useful contact forecasts (14.12486ms)
✔ generated wildlife poses preserve exact action, shield and Rush outcomes at 30/60/120 Hz (7.44504ms)
✔ Rush expiration integrates only its active portion and samples every exact crossing on either side (1.272136ms)
✔ fractional Rush expiry freezes fatal physical contact correctly and exact 30 Hz expiration has no phantom boost frame (2.973167ms)
✔ all seeded maps offer three sparse species and reachable clear-water relics without replacing action walls or chains (11378.101341ms)
✔ relic-chasing full maps remain reachable at early/late action leads and 30/60/120 Hz with naturally earned Rush (24934.385525ms)
✔ moving bodies and destination guides register to actual and forecast contact lanes (46.381483ms)
✔ crocodiles fish and birds have distinct armored finned and winged silhouettes (8.763844ms)
✔ animation clocks pause exactly and reduced motion keeps gameplay motion registered (10.866881ms)
✔ encounter pools reuse every prepared geometry material buffer and color across long runs (514.772387ms)
✔ bank-diving birds descend and fish leap while shared predicted markers stay on water (6.356638ms)
✔ weaving crocodile facing reverses with shared motion including reduced motion (9.909726ms)
{"seeds":40,"refreshRates":[30,60,120],"campaigns":240,"stages":720,"reactionDelayMs":"180–288","tricks":15132,"rushes":1443,"maxEntities":47,"totalDistance":3888000}
✔ 40 delayed-input players clear the longer escalating adventure unshielded at 30/60/120 Hz, with and without Rush (67875.490173ms)
✔ doing nothing reliably wipes out before a finish, and retry repeats the same course cleanly (4.862003ms)
✔ chained real inputs select distinct downstream action art immediately (11.687151ms)
✔ pose cadence freezes with simulation and reduced motion retains duck anatomy (0.752069ms)
✔ a richer appearance promises the actual denomination rather than a route label or multiplied payout (4.749154ms)
✔ premium appearance leaves the same physical jump arc and score-flight registration (1.13621ms)
✔ larger guarded medals remain separated within their five-lane footprint on supported screens (5.558661ms)
{"seededMaps":36,"choices":138,"perMap":[36,46,56],"guardKinds":{"log":27,"fish":16,"crocodile":25,"bird":25,"native branch":45},"variants":{"guarded-fork":21,"deep-cutback":60,"cutback":35,"deep-fork":22},"deepEntries":71,"deepExits":60,"earlyChoiceWidth":1,"laterChoiceWidth":1.5,"earlyEntryWidth":0.9166666666666666,"laterEntryWidth":1.6587301587301588,"earlyExitWidth":1.0909090909090908,"laterExitWidth":1.4615384615384615,"actions":["jump","duck"],"enemies":["fish","crocodile","bird"]}
{"matchedNaturalStations":12,"safeBasePayout":20,"guardedJumpCoinPayout":100,"guardedDuckCoinPayout":60,"unprotectedSkillPayout":100,"protectedSkillPayout":0}
{"partialDuckAbort":{"premiumTouched":1,"ordinaryTouched":2,"actualPoints":40,"skillPoints":0,"shieldUsed":false}}
{"stages":216,"contacts":31368,"riskContacts":1134,"decisionCoins":2262,"missedAlternatives":2832,"maxEntities":46,"maxVisibleCoins":21,"aborts":206,"refreshRates":[30,60,120],"jumpLeads":[0.22,0.42],"strategies":["safe","risk","abort"]}
✔ guarded coins double real points without increasing token, streak or charge advancement (35.517364ms)
✔ the planner uses actual guard coverage and later deep choices have physical entry and return widths (1.574495ms)
✔ seeded decisions offer modest safe water versus guarded gold with honest next-station exits (867.727738ms)
✔ matched natural choices pay safe 20 versus duck 160 or jump 200 and protection cannot earn skill (167.693323ms)
✔ a player can take front duck gold then physically bail, receiving only contacted coins and no perfect award (31.721759ms)
✔ safe, committed and aborted choices all finish and collect only their intended route at 30/60/120 Hz and earned Rush (23210.464235ms)
{"branchRides":144,"cleanCaches":36,"baseOrProtectedCaches":108,"maxEntities":24,"themes":["crocodile-run","canopy-cut","rapids-gates"]}
{"completeRicherStreamStages":36,"physicallyContactedCaches":90,"cleanRicherCaches":80,"maxEntities":38}
✔ both authored streams offer natural distinct challenges and physical conditional treasure across refresh rates and future Rush (1504.624343ms)
✔ dodging a single wildlife guard sacrifices the clean cache bonus while preserving its contacted base prize (25.277797ms)
✔ island collision sweeps across land at 30/60/120Hz and protected contact rebounds on the entered side (18.549389ms)
✔ physical fork pickups cannot use the widening logical lane radius or collect airborne treasure (2.563632ms)
✔ land sweeps use exact fractional Rush travel and detect a momentum reversal between safe endpoints (1.857787ms)
✔ an actual rescued island impact forfeits clean treasure even after three later unprotected clears (20.762201ms)
✔ complete richer-stream maps rejoin ordinary five-lane routes and finish unshielded with strictly contacted rewards (3486.06189ms)
✔ a shallow reversal contacts land at its analytic extremum even when every uniform sweep sample is clear (1.089101ms)
✔ co-located guard and coin keep numeric creation order across decimal ID boundaries (1.550164ms)
✔ seeded river stays wide, descends downstream and has continuous chute boundaries (41.460388ms)
✔ four course acts intensify smoothly and their drop integral has the correct derivative (6.982379ms)
✔ profiled rivers stay downhill, wide and continuous through all acts and seeded recovery stretches (318.551098ms)
✔ profiled geography and stronger standing waves preserve analytic derivatives (43.61796ms)
✔ final rapids measurably intensify while retaining quiet pools and varied chute drops (32.794368ms)
✔ course and whitewater derivatives agree with finite differences through pools and chutes (5.943705ms)
✔ floating course preserves lane spacing, follows downhill bends and places shoals outside hazards (0.821088ms)
✔ river widening preserves original organic course samples and uses the same shared GPU expansion (0.706424ms)
✔ every seeded map has finite real forks outside tutorials, wave trains and the finish runway (43.044243ms)
✔ stream fans retain lane spacing and physically distinct shores, then continuously rejoin (1555.235805ms)
✔ actual island footprint and edge height do not classify adjacent channel water as land (0.941505ms)
✔ each island has broad asymmetric headlands and physically bending streams rather than a straight median (53.387064ms)
✔ CPU and actual GPU fork equations agree across entry, full island, reunion and profile seeds (318.609313ms)
✔ raft buoyancy probes the actual fork stream physical cross and pauses exactly (5.446046ms)
✔ dodged rocks remain solid as they pass beside the raft on every map and frame cadence (34.462504ms)
✔ shield and Rush destroy only the struck rock while adjacent resolved rocks continue past (3.444895ms)
✔ destroyed rocks cannot reappear when subsequent rewards evict the collision effect (4.652173ms)
✔ the fatal rock remains in the contact frame and cannot disappear while results are frozen (9.612543ms)
✔ a successfully jumped log stays physical behind the raft without changing its score (2.028914ms)
✔ consumed pickups disappear while uncollected crossing coins remain visible briefly (1.17888ms)
✔ every touched coin survives another event in the same frame; missed side coins are silent (13.174311ms)
✔ the wipeout clock is bounded, holds on pause, and never touches frozen contact state (17.411378ms)
✔ seeded terrain order varies without neighboring repeats or a fixed three-kind cycle (23.704748ms)
✔ finite maps expose a consistent next encounter and retain all terrain types (85.824841ms)
✔ natural trees have grounded roots, a joined trunk collar and exact one/two/three-lane contacts (184.146655ms)
✔ crooked main limbs clear a ducked rider and keep low wood out of uncovered routes (2736.211584ms)
✔ recursive connected forks have varied directions and foliage follows real branches (57.344696ms)
✔ natural anatomy is reproducible and independent of reward lane (332.422454ms)
✔ decorative trees remain outside the corridor with bounded resources (33.919267ms)
✔ lane responds immediately and settles within 150ms at 30, 60 and 120Hz (10.25781ms)
✔ short actions begin visibly on first update, cancel immediately, expire and buffer near landing (2.943524ms)
✔ impact forecast accounts for speed changes when Rush ends, including cap speed (17.504943ms)
✔ swipes respond at 26px, chain a deliberate lane step, lock axis and consume vertical actions once (0.327861ms)
✔ forward foam approaches like hazards and paddle interpolation remains continuous at wrap (0.283402ms)
✔ render budget covers retina and large screens; Rush raises river speed within a bound (0.20034ms)
✔ a jump tapped on the collision frame clears a log and its raised coin without spending protection (1.602345ms)
✔ ordinary coins need tight visible center overlap at the crossing, at 30/60/120 Hz (3.264226ms)
✔ steering reversal preserves the same swept coin result across refresh rates (4.269477ms)
✔ raised coins use jump height at their crossing and retain the timely launch reward (3.050981ms)
✔ a nearly expired buffered jump agrees with the rendered launch on a raised-coin crossing (0.470049ms)
✔ Gold boost rewards actual contact, expires at crossing and neither it nor Rush bypasses pickup contact (4.242815ms)
✔ coin challenges cannot recharge Rush through a reward completed in its final frame (0.960121ms)
✔ ordinary, Gold boost and Rush runs never collect a coin 7.6 m beside the raft (1.191857ms)
✔ peak airborne rafts pass above low coins in ordinary, Gold boost and Rush runs (3.319808ms)
✔ a missed coin passes once and leaves normally without awarding later lane changes (0.612582ms)
✔ late steering cannot acquire an adjacent magnet and thereby collect remote coins (2.814972ms)
✔ shield and magnet acquisition use visible contact even when leaving the selected lane (2.160433ms)
✔ a legitimate Gold boost enhances only later touched coins regardless of entity insertion order (3.188392ms)
✔ a newly acquired Gold boost expires eight seconds after contact at 30/60/120 Hz (11.987264ms)
✔ existing Gold boost and Rush do not acquire other powers from adjacent lanes (1.042558ms)
✔ stroke traces continuous drive/recovery at 30, 60 and 120 Hz without pose quantization (3.506949ms)
✔ pose blend is refresh-rate independent and reduced motion has a frozen stroke (0.943759ms)
✔ frame budget ignores pauses, backs off sustained slow frames and restores detail cautiously (0.737426ms)
✔ periodic gradient noise repeats exactly across positive and negative tile identities (5.632827ms)
✔ noise values and first and second derivatives meet smoothly at tile seams (0.328582ms)
✔ two octaves stay periodic, seeded and varied along both terrain axes (17.139648ms)
✔ map-shaped bank relief is bounded and fades to zero at every navigable shoreline (160.991568ms)
✔ rounded, eroded and broken map shaping produce distinct continuous terrain fields (6.254175ms)
✔ fallback wildlife bodies and water-plane contact guides follow shared physical poses on every layout (41.124325ms)
✔ bird approach visibly descends from either shoreline to a high duck encounter (0.586911ms)
✔ fish leap rises above a stable surface cue and returns to the water after the jump encounter (0.262887ms)
✔ weaving crocodile marker predicts the crossing lane while its body reverses repeatedly (3.312571ms)
✔ paused and reduced presentation cannot change essential wildlife trajectories (1.399069ms)
✔ bank props approach with course distance, stay outside playable lanes and never accumulate (5.187021ms)
✔ whitewater progresses continuously between obstacle rows and wraps outside the visible course (1.032641ms)
✔ steering preserves position and velocity under reversal and is independent of refresh rate (0.313063ms)
✔ action silhouette compresses continuously and locks the existing paddle pose in the air (0.46531ms)
ℹ tests 282
ℹ suites 0
ℹ pass 282
ℹ fail 0
ℹ cancelled 0
ℹ skipped 0
ℹ todo 0
ℹ duration_ms 115381.332722
